(module
  (type (;0;) (func (param i32)))
  (type (;1;) (func))
  (type (;2;) (func (result i32)))
  (type (;3;) (func (param i32 i32) (result i32)))
  (import "wasi_snapshot_preview1" "proc_exit" (func (;0;) (type 0)))
  (func (;1;) (type 1))
  (func (;2;) (type 3) (param i32 i32) (result i32)
    local.get 0
    i32.const 69
    i32.add)
  (func (;3;) (type 2) (result i32)
    (local i64)
    i32.const 1024
    i32.const 1024
    i64.load
    i64.const 6364136223846793005
    i64.mul
    i64.const 1
    i64.add
    local.tee 0
    i64.store
    local.get 0
    i64.const 33
    i64.shr_u
    i32.wrap_i64)
  (func (;4;) (type 1)
    i32.const 0
    call 0
    unreachable)
  (func (;5;) (type 0) (param i32)
    local.get 0
    global.set 0)
  (func (;6;) (type 2) (result i32)
    global.get 0)
  (table (;0;) 2 2 funcref)
  (memory (;0;) 258 258)
  (global (;0;) (mut i32) (i32.const 66576))
  (export "memory" (memory 0))
  (export "_Z1fiPi" (func 2))
  (export "_Z1gv" (func 3))
  (export "__indirect_function_table" (table 0))
  (export "_start" (func 4))
  (export "_emscripten_stack_restore" (func 5))
  (export "emscripten_stack_get_current" (func 6))
  (elem (;0;) (i32.const 1) func 1))
